2026-04-22 10:56:24,219 INFO o.a.j.u.JMeterUtils: Setting Locale to en_EN
2026-04-22 10:56:24,266 INFO o.a.j.JMeter: Loading user properties from: /opt/jmeter/bin/user.properties
2026-04-22 10:56:24,268 INFO o.a.j.JMeter: Loading system properties from: /opt/jmeter/bin/system.properties
2026-04-22 10:56:24,280 INFO o.a.j.JMeter: Copyright (c) 1998-2024 The Apache Software Foundation
2026-04-22 10:56:24,280 INFO o.a.j.JMeter: Version 5.6.3
2026-04-22 10:56:24,280 INFO o.a.j.JMeter: java.version=21.0.10
2026-04-22 10:56:24,280 INFO o.a.j.JMeter: java.vm.name=OpenJDK 64-Bit Server VM
2026-04-22 10:56:24,281 INFO o.a.j.JMeter: os.name=Linux
2026-04-22 10:56:24,281 INFO o.a.j.JMeter: os.arch=amd64
2026-04-22 10:56:24,281 INFO o.a.j.JMeter: os.version=6.19.12-200.fc43.x86_64
2026-04-22 10:56:24,281 INFO o.a.j.JMeter: file.encoding=UTF-8
2026-04-22 10:56:24,281 INFO o.a.j.JMeter: java.awt.headless=null
2026-04-22 10:56:24,281 INFO o.a.j.JMeter: Max memory     =1073741824
2026-04-22 10:56:24,282 INFO o.a.j.JMeter: Available Processors =8
2026-04-22 10:56:24,301 INFO o.a.j.JMeter: Default Locale=English (EN)
2026-04-22 10:56:24,302 INFO o.a.j.JMeter: JMeter  Locale=English (EN)
2026-04-22 10:56:24,302 INFO o.a.j.JMeter: JMeterHome=/opt/jmeter
2026-04-22 10:56:24,302 INFO o.a.j.JMeter: user.dir  =/home/bryancmy/Documentos/java-projects/catIN
2026-04-22 10:56:24,303 INFO o.a.j.JMeter: PWD       =/home/bryancmy/Documentos/java-projects/catIN
2026-04-22 10:56:24,303 INFO o.a.j.JMeter: IP: 192.168.18.200 Name: fedora FullName: fedora
2026-04-22 10:56:24,341 INFO o.a.j.JMeter: Loaded icon properties from org/apache/jmeter/images/icon.properties
2026-04-22 10:56:25,238 INFO o.a.j.JMeterGuiLauncher: Setting LAF to: com.github.weisj.darklaf.DarkLaf:com.github.weisj.darklaf.theme.DarculaTheme
2026-04-22 10:56:38,473 INFO o.a.j.s.FileServer: Default base='/home/bryancmy/Documentos/java-projects/catIN'
2026-04-22 10:56:38,477 INFO o.a.j.g.a.Load: Loading file: /home/bryancmy/Documentos/jmeter/Test de carga.jmx
2026-04-22 10:56:38,478 INFO o.a.j.s.FileServer: Set new base='/home/bryancmy/Documentos/jmeter'
2026-04-22 10:56:38,924 INFO o.a.j.s.SaveService: Testplan (JMX) version: 2.2. Testlog (JTL) version: 2.2
2026-04-22 10:56:38,984 INFO o.a.j.s.SaveService: Using SaveService properties version 5.0
2026-04-22 10:56:38,987 INFO o.a.j.s.SaveService: Using SaveService properties file encoding UTF-8
2026-04-22 10:56:38,990 INFO o.a.j.s.SaveService: Loading file: /home/bryancmy/Documentos/jmeter/Test de carga.jmx
2026-04-22 10:56:39,033 INFO o.a.j.p.h.s.HTTPSamplerBase: Parser for text/html is org.apache.jmeter.protocol.http.parser.LagartoBasedHtmlParser
2026-04-22 10:56:39,034 INFO o.a.j.p.h.s.HTTPSamplerBase: Parser for application/xhtml+xml is org.apache.jmeter.protocol.http.parser.LagartoBasedHtmlParser
2026-04-22 10:56:39,034 INFO o.a.j.p.h.s.HTTPSamplerBase: Parser for application/xml is org.apache.jmeter.protocol.http.parser.LagartoBasedHtmlParser
2026-04-22 10:56:39,034 INFO o.a.j.p.h.s.HTTPSamplerBase: Parser for text/xml is org.apache.jmeter.protocol.http.parser.LagartoBasedHtmlParser
2026-04-22 10:56:39,034 INFO o.a.j.p.h.s.HTTPSamplerBase: Parser for text/vnd.wap.wml is org.apache.jmeter.protocol.http.parser.RegexpHTMLParser
2026-04-22 10:56:39,034 INFO o.a.j.p.h.s.HTTPSamplerBase: Parser for text/css is org.apache.jmeter.protocol.http.parser.CssParser
2026-04-22 10:56:39,512 INFO o.a.j.s.SampleResult: Note: Sample TimeStamps are START times
2026-04-22 10:56:39,512 INFO o.a.j.s.SampleResult: sampleresult.default.encoding is set to UTF-8
2026-04-22 10:56:39,512 INFO o.a.j.s.SampleResult: sampleresult.useNanoTime=true
2026-04-22 10:56:39,512 INFO o.a.j.s.SampleResult: sampleresult.nanoThreadSleep=5000
2026-04-22 10:56:39,891 INFO o.a.j.s.FileServer: Set new base='/home/bryancmy/Documentos/jmeter'
2026-04-22 10:58:45,969 INFO o.a.j.e.StandardJMeterEngine: Running the test!
2026-04-22 10:58:45,972 INFO o.a.j.s.SampleEvent: List of sample_variables: []
2026-04-22 10:58:45,973 INFO o.a.j.s.SampleEvent: List of sample_variables: []
2026-04-22 10:58:45,975 INFO o.a.j.e.u.CompoundVariable: Note: Function class names must contain the string: '.functions.'
2026-04-22 10:58:45,975 INFO o.a.j.e.u.CompoundVariable: Note: Function class names must not contain the string: '.gui.'
2026-04-22 10:58:46,050 INFO o.a.j.g.u.JMeterMenuBar: setRunning(true, *local*)
2026-04-22 10:58:46,131 INFO o.a.j.e.StandardJMeterEngine: Starting ThreadGroup: 1 : Thread Group
2026-04-22 10:58:46,131 INFO o.a.j.e.StandardJMeterEngine: Starting 20 threads for group Thread Group.
2026-04-22 10:58:46,132 INFO o.a.j.e.StandardJMeterEngine: Thread will continue on error
2026-04-22 10:58:46,132 INFO o.a.j.t.ThreadGroup: Starting thread group... number=1 threads=20 ramp-up=10 delayedStart=false
2026-04-22 10:58:46,149 INFO o.a.j.t.JMeterThread: Thread started: Thread Group 1-1
2026-04-22 10:58:46,153 INFO o.a.j.s.FileServer: Stored: /home/bryancmy/Documentos/jmeter/credentials.csv
2026-04-22 10:58:46,176 INFO o.a.j.t.ThreadGroup: Started thread group number 1
2026-04-22 10:58:46,176 INFO o.a.j.e.StandardJMeterEngine: All thread groups have been started
2026-04-22 10:58:46,211 INFO o.a.j.p.h.s.HTTPHCAbstractImpl: Local host = fedora
2026-04-22 10:58:46,228 INFO o.a.j.p.h.s.HTTPHC4Impl: HTTP request retry count = 0
2026-04-22 10:58:46,440 INFO o.a.j.p.h.s.h.LazyLayeredConnectionSocketFactory: Setting up HTTPS TrustAll Socket Factory
2026-04-22 10:58:46,445 INFO o.a.j.u.JsseSSLManager: Using default SSL protocol: TLS
2026-04-22 10:58:46,445 INFO o.a.j.u.JsseSSLManager: SSL session context: per-thread
2026-04-22 10:58:46,631 INFO o.a.j.u.SSLManager: JmeterKeyStore Location:  type JKS
2026-04-22 10:58:46,637 INFO o.a.j.u.SSLManager: KeyStore created OK
2026-04-22 10:58:46,637 WARN o.a.j.u.SSLManager: Keystore file not found, loading empty keystore
2026-04-22 10:58:46,642 INFO o.a.j.t.JMeterThread: Thread started: Thread Group 1-2
2026-04-22 10:58:47,140 INFO o.a.j.t.JMeterThread: Thread started: Thread Group 1-3
2026-04-22 10:58:47,622 INFO o.a.j.t.JMeterThread: Thread is done: Thread Group 1-2
2026-04-22 10:58:47,622 INFO o.a.j.t.JMeterThread: Thread finished: Thread Group 1-2
2026-04-22 10:58:47,629 INFO o.a.j.t.JMeterThread: Thread is done: Thread Group 1-1
2026-04-22 10:58:47,630 INFO o.a.j.t.JMeterThread: Thread finished: Thread Group 1-1
2026-04-22 10:58:47,638 INFO o.a.j.t.JMeterThread: Thread started: Thread Group 1-4
2026-04-22 10:58:47,823 INFO o.a.j.t.JMeterThread: Thread is done: Thread Group 1-3
2026-04-22 10:58:47,823 INFO o.a.j.t.JMeterThread: Thread finished: Thread Group 1-3
2026-04-22 10:58:48,139 INFO o.a.j.t.JMeterThread: Thread started: Thread Group 1-5
2026-04-22 10:58:48,316 INFO o.a.j.t.JMeterThread: Thread is done: Thread Group 1-4
2026-04-22 10:58:48,316 INFO o.a.j.t.JMeterThread: Thread finished: Thread Group 1-4
2026-04-22 10:58:48,636 INFO o.a.j.t.JMeterThread: Thread started: Thread Group 1-6
2026-04-22 10:58:48,808 INFO o.a.j.t.JMeterThread: Thread is done: Thread Group 1-5
2026-04-22 10:58:48,808 INFO o.a.j.t.JMeterThread: Thread finished: Thread Group 1-5
2026-04-22 10:58:49,135 INFO o.a.j.t.JMeterThread: Thread started: Thread Group 1-7
2026-04-22 10:58:49,308 INFO o.a.j.t.JMeterThread: Thread is done: Thread Group 1-6
2026-04-22 10:58:49,309 INFO o.a.j.t.JMeterThread: Thread finished: Thread Group 1-6
2026-04-22 10:58:49,636 INFO o.a.j.t.JMeterThread: Thread started: Thread Group 1-8
2026-04-22 10:58:49,811 INFO o.a.j.t.JMeterThread: Thread is done: Thread Group 1-7
2026-04-22 10:58:49,812 INFO o.a.j.t.JMeterThread: Thread finished: Thread Group 1-7
2026-04-22 10:58:50,137 INFO o.a.j.t.JMeterThread: Thread started: Thread Group 1-9
2026-04-22 10:58:50,314 INFO o.a.j.t.JMeterThread: Thread is done: Thread Group 1-8
2026-04-22 10:58:50,314 INFO o.a.j.t.JMeterThread: Thread finished: Thread Group 1-8
2026-04-22 10:58:50,635 INFO o.a.j.t.JMeterThread: Thread started: Thread Group 1-10
2026-04-22 10:58:50,810 INFO o.a.j.t.JMeterThread: Thread is done: Thread Group 1-9
2026-04-22 10:58:50,811 INFO o.a.j.t.JMeterThread: Thread finished: Thread Group 1-9
2026-04-22 10:58:51,138 INFO o.a.j.t.JMeterThread: Thread started: Thread Group 1-11
2026-04-22 10:58:51,302 INFO o.a.j.t.JMeterThread: Thread is done: Thread Group 1-10
2026-04-22 10:58:51,303 INFO o.a.j.t.JMeterThread: Thread finished: Thread Group 1-10
2026-04-22 10:58:51,635 INFO o.a.j.t.JMeterThread: Thread started: Thread Group 1-12
2026-04-22 10:58:51,807 INFO o.a.j.t.JMeterThread: Thread is done: Thread Group 1-11
2026-04-22 10:58:51,808 INFO o.a.j.t.JMeterThread: Thread finished: Thread Group 1-11
2026-04-22 10:58:52,136 INFO o.a.j.t.JMeterThread: Thread started: Thread Group 1-13
2026-04-22 10:58:52,312 INFO o.a.j.t.JMeterThread: Thread is done: Thread Group 1-12
2026-04-22 10:58:52,312 INFO o.a.j.t.JMeterThread: Thread finished: Thread Group 1-12
2026-04-22 10:58:52,635 INFO o.a.j.t.JMeterThread: Thread started: Thread Group 1-14
2026-04-22 10:58:52,796 INFO o.a.j.t.JMeterThread: Thread is done: Thread Group 1-13
2026-04-22 10:58:52,796 INFO o.a.j.t.JMeterThread: Thread finished: Thread Group 1-13
2026-04-22 10:58:53,136 INFO o.a.j.t.JMeterThread: Thread started: Thread Group 1-15
2026-04-22 10:58:53,299 INFO o.a.j.t.JMeterThread: Thread is done: Thread Group 1-14
2026-04-22 10:58:53,299 INFO o.a.j.t.JMeterThread: Thread finished: Thread Group 1-14
2026-04-22 10:58:53,635 INFO o.a.j.t.JMeterThread: Thread started: Thread Group 1-16
2026-04-22 10:58:54,136 INFO o.a.j.t.JMeterThread: Thread started: Thread Group 1-17
2026-04-22 10:58:54,295 INFO o.a.j.t.JMeterThread: Thread is done: Thread Group 1-16
2026-04-22 10:58:54,296 INFO o.a.j.t.JMeterThread: Thread finished: Thread Group 1-16
2026-04-22 10:58:54,635 INFO o.a.j.t.JMeterThread: Thread started: Thread Group 1-18
2026-04-22 10:58:54,806 INFO o.a.j.t.JMeterThread: Thread is done: Thread Group 1-17
2026-04-22 10:58:54,806 INFO o.a.j.t.JMeterThread: Thread finished: Thread Group 1-17
2026-04-22 10:58:54,862 INFO o.a.j.t.JMeterThread: Thread is done: Thread Group 1-15
2026-04-22 10:58:54,862 INFO o.a.j.t.JMeterThread: Thread finished: Thread Group 1-15
2026-04-22 10:58:55,135 INFO o.a.j.t.JMeterThread: Thread started: Thread Group 1-19
2026-04-22 10:58:55,295 INFO o.a.j.t.JMeterThread: Thread is done: Thread Group 1-18
2026-04-22 10:58:55,296 INFO o.a.j.t.JMeterThread: Thread finished: Thread Group 1-18
2026-04-22 10:58:55,637 INFO o.a.j.t.JMeterThread: Thread started: Thread Group 1-20
2026-04-22 10:58:55,796 INFO o.a.j.t.JMeterThread: Thread is done: Thread Group 1-19
2026-04-22 10:58:55,796 INFO o.a.j.t.JMeterThread: Thread finished: Thread Group 1-19
2026-04-22 10:58:56,296 INFO o.a.j.t.JMeterThread: Thread is done: Thread Group 1-20
2026-04-22 10:58:56,296 INFO o.a.j.t.JMeterThread: Thread finished: Thread Group 1-20
2026-04-22 10:58:56,297 INFO o.a.j.e.StandardJMeterEngine: Notifying test listeners of end of test
2026-04-22 10:58:56,298 INFO o.a.j.s.FileServer: Close: /home/bryancmy/Documentos/jmeter/credentials.csv
2026-04-22 10:58:56,298 INFO o.a.j.g.u.JMeterMenuBar: setRunning(false, *local*)
2026-04-22 11:01:45,064 INFO o.a.j.e.StandardJMeterEngine: Running the test!
2026-04-22 11:01:45,065 INFO o.a.j.s.SampleEvent: List of sample_variables: []
2026-04-22 11:01:45,066 INFO o.a.j.g.u.JMeterMenuBar: setRunning(true, *local*)
2026-04-22 11:01:45,118 INFO o.a.j.e.StandardJMeterEngine: Starting ThreadGroup: 1 : Thread Group
2026-04-22 11:01:45,119 INFO o.a.j.e.StandardJMeterEngine: Starting 20 threads for group Thread Group.
2026-04-22 11:01:45,120 INFO o.a.j.e.StandardJMeterEngine: Thread will continue on error
2026-04-22 11:01:45,120 INFO o.a.j.t.ThreadGroup: Starting thread group... number=1 threads=20 ramp-up=10 delayedStart=false
2026-04-22 11:01:45,123 INFO o.a.j.t.JMeterThread: Thread started: Thread Group 1-1
2026-04-22 11:01:45,124 INFO o.a.j.s.FileServer: Stored: /home/bryancmy/Documentos/jmeter/credentials.csv
2026-04-22 11:01:45,139 INFO o.a.j.t.ThreadGroup: Started thread group number 1
2026-04-22 11:01:45,139 INFO o.a.j.e.StandardJMeterEngine: All thread groups have been started
2026-04-22 11:01:45,623 INFO o.a.j.t.JMeterThread: Thread started: Thread Group 1-2
2026-04-22 11:01:45,990 INFO o.a.j.t.JMeterThread: Thread is done: Thread Group 1-1
2026-04-22 11:01:45,990 INFO o.a.j.t.JMeterThread: Thread finished: Thread Group 1-1
2026-04-22 11:01:46,123 INFO o.a.j.t.JMeterThread: Thread started: Thread Group 1-3
2026-04-22 11:01:46,477 INFO o.a.j.t.JMeterThread: Thread is done: Thread Group 1-2
2026-04-22 11:01:46,477 INFO o.a.j.t.JMeterThread: Thread finished: Thread Group 1-2
2026-04-22 11:01:46,624 INFO o.a.j.t.JMeterThread: Thread started: Thread Group 1-4
2026-04-22 11:01:46,974 INFO o.a.j.t.JMeterThread: Thread is done: Thread Group 1-3
2026-04-22 11:01:46,975 INFO o.a.j.t.JMeterThread: Thread finished: Thread Group 1-3
2026-04-22 11:01:47,123 INFO o.a.j.t.JMeterThread: Thread started: Thread Group 1-5
2026-04-22 11:01:47,473 INFO o.a.j.t.JMeterThread: Thread is done: Thread Group 1-4
2026-04-22 11:01:47,473 INFO o.a.j.t.JMeterThread: Thread finished: Thread Group 1-4
2026-04-22 11:01:47,624 INFO o.a.j.t.JMeterThread: Thread started: Thread Group 1-6
2026-04-22 11:01:47,982 INFO o.a.j.t.JMeterThread: Thread is done: Thread Group 1-5
2026-04-22 11:01:47,982 INFO o.a.j.t.JMeterThread: Thread finished: Thread Group 1-5
2026-04-22 11:01:48,122 INFO o.a.j.t.JMeterThread: Thread started: Thread Group 1-7
2026-04-22 11:01:48,481 INFO o.a.j.t.JMeterThread: Thread is done: Thread Group 1-6
2026-04-22 11:01:48,481 INFO o.a.j.t.JMeterThread: Thread finished: Thread Group 1-6
2026-04-22 11:01:48,621 INFO o.a.j.t.JMeterThread: Thread started: Thread Group 1-8
2026-04-22 11:01:48,978 INFO o.a.j.t.JMeterThread: Thread is done: Thread Group 1-7
2026-04-22 11:01:48,978 INFO o.a.j.t.JMeterThread: Thread finished: Thread Group 1-7
2026-04-22 11:01:49,121 INFO o.a.j.t.JMeterThread: Thread started: Thread Group 1-9
2026-04-22 11:01:49,488 INFO o.a.j.t.JMeterThread: Thread is done: Thread Group 1-8
2026-04-22 11:01:49,488 INFO o.a.j.t.JMeterThread: Thread finished: Thread Group 1-8
2026-04-22 11:01:49,622 INFO o.a.j.t.JMeterThread: Thread started: Thread Group 1-10
2026-04-22 11:01:49,995 INFO o.a.j.t.JMeterThread: Thread is done: Thread Group 1-9
2026-04-22 11:01:49,995 INFO o.a.j.t.JMeterThread: Thread finished: Thread Group 1-9
2026-04-22 11:01:50,121 INFO o.a.j.t.JMeterThread: Thread started: Thread Group 1-11
2026-04-22 11:01:50,482 INFO o.a.j.t.JMeterThread: Thread is done: Thread Group 1-10
2026-04-22 11:01:50,483 INFO o.a.j.t.JMeterThread: Thread finished: Thread Group 1-10
2026-04-22 11:01:50,622 INFO o.a.j.t.JMeterThread: Thread started: Thread Group 1-12
2026-04-22 11:01:50,973 INFO o.a.j.t.JMeterThread: Thread is done: Thread Group 1-11
2026-04-22 11:01:50,973 INFO o.a.j.t.JMeterThread: Thread finished: Thread Group 1-11
2026-04-22 11:01:51,121 INFO o.a.j.t.JMeterThread: Thread started: Thread Group 1-13
2026-04-22 11:01:51,476 INFO o.a.j.t.JMeterThread: Thread is done: Thread Group 1-12
2026-04-22 11:01:51,476 INFO o.a.j.t.JMeterThread: Thread finished: Thread Group 1-12
2026-04-22 11:01:51,621 INFO o.a.j.t.JMeterThread: Thread started: Thread Group 1-14
2026-04-22 11:01:51,966 INFO o.a.j.t.JMeterThread: Thread is done: Thread Group 1-13
2026-04-22 11:01:51,966 INFO o.a.j.t.JMeterThread: Thread finished: Thread Group 1-13
2026-04-22 11:01:52,121 INFO o.a.j.t.JMeterThread: Thread started: Thread Group 1-15
2026-04-22 11:01:52,472 INFO o.a.j.t.JMeterThread: Thread is done: Thread Group 1-14
2026-04-22 11:01:52,473 INFO o.a.j.t.JMeterThread: Thread finished: Thread Group 1-14
2026-04-22 11:01:52,621 INFO o.a.j.t.JMeterThread: Thread started: Thread Group 1-16
2026-04-22 11:01:52,970 INFO o.a.j.t.JMeterThread: Thread is done: Thread Group 1-15
2026-04-22 11:01:52,970 INFO o.a.j.t.JMeterThread: Thread finished: Thread Group 1-15
2026-04-22 11:01:53,122 INFO o.a.j.t.JMeterThread: Thread started: Thread Group 1-17
2026-04-22 11:01:53,472 INFO o.a.j.t.JMeterThread: Thread is done: Thread Group 1-16
2026-04-22 11:01:53,473 INFO o.a.j.t.JMeterThread: Thread finished: Thread Group 1-16
2026-04-22 11:01:53,621 INFO o.a.j.t.JMeterThread: Thread started: Thread Group 1-18
2026-04-22 11:01:53,966 INFO o.a.j.t.JMeterThread: Thread is done: Thread Group 1-17
2026-04-22 11:01:53,966 INFO o.a.j.t.JMeterThread: Thread finished: Thread Group 1-17
2026-04-22 11:01:54,121 INFO o.a.j.t.JMeterThread: Thread started: Thread Group 1-19
2026-04-22 11:01:54,476 INFO o.a.j.t.JMeterThread: Thread is done: Thread Group 1-18
2026-04-22 11:01:54,476 INFO o.a.j.t.JMeterThread: Thread finished: Thread Group 1-18
2026-04-22 11:01:54,621 INFO o.a.j.t.JMeterThread: Thread started: Thread Group 1-20
2026-04-22 11:01:54,974 INFO o.a.j.t.JMeterThread: Thread is done: Thread Group 1-19
2026-04-22 11:01:54,975 INFO o.a.j.t.JMeterThread: Thread finished: Thread Group 1-19
2026-04-22 11:01:55,473 INFO o.a.j.t.JMeterThread: Thread is done: Thread Group 1-20
2026-04-22 11:01:55,473 INFO o.a.j.t.JMeterThread: Thread finished: Thread Group 1-20
2026-04-22 11:01:55,474 INFO o.a.j.e.StandardJMeterEngine: Notifying test listeners of end of test
2026-04-22 11:01:55,474 INFO o.a.j.s.FileServer: Close: /home/bryancmy/Documentos/jmeter/credentials.csv
2026-04-22 11:01:55,474 INFO o.a.j.g.u.JMeterMenuBar: setRunning(false, *local*)
2026-04-22 11:05:26,335 INFO o.a.j.e.StandardJMeterEngine: Running the test!
2026-04-22 11:05:26,335 INFO o.a.j.s.SampleEvent: List of sample_variables: []
2026-04-22 11:05:26,336 INFO o.a.j.g.u.JMeterMenuBar: setRunning(true, *local*)
2026-04-22 11:05:26,389 INFO o.a.j.e.StandardJMeterEngine: Starting ThreadGroup: 1 : Thread Group
2026-04-22 11:05:26,389 INFO o.a.j.e.StandardJMeterEngine: Starting 20 threads for group Thread Group.
2026-04-22 11:05:26,389 INFO o.a.j.e.StandardJMeterEngine: Thread will continue on error
2026-04-22 11:05:26,390 INFO o.a.j.t.ThreadGroup: Starting thread group... number=1 threads=20 ramp-up=10 delayedStart=false
2026-04-22 11:05:26,392 INFO o.a.j.t.JMeterThread: Thread started: Thread Group 1-1
2026-04-22 11:05:26,392 INFO o.a.j.s.FileServer: Stored: /home/bryancmy/Documentos/jmeter/credentials.csv
2026-04-22 11:05:26,404 INFO o.a.j.t.ThreadGroup: Started thread group number 1
2026-04-22 11:05:26,405 INFO o.a.j.e.StandardJMeterEngine: All thread groups have been started
2026-04-22 11:05:26,891 INFO o.a.j.t.JMeterThread: Thread started: Thread Group 1-2
2026-04-22 11:05:27,393 INFO o.a.j.t.JMeterThread: Thread started: Thread Group 1-3
2026-04-22 11:05:27,892 INFO o.a.j.t.JMeterThread: Thread started: Thread Group 1-4
2026-04-22 11:05:28,392 INFO o.a.j.t.JMeterThread: Thread started: Thread Group 1-5
2026-04-22 11:05:28,891 INFO o.a.j.t.JMeterThread: Thread started: Thread Group 1-6
2026-04-22 11:05:29,391 INFO o.a.j.t.JMeterThread: Thread started: Thread Group 1-7
2026-04-22 11:05:29,498 INFO o.a.j.t.JMeterThread: Thread is done: Thread Group 1-1
2026-04-22 11:05:29,498 INFO o.a.j.t.JMeterThread: Thread is done: Thread Group 1-2
2026-04-22 11:05:29,498 INFO o.a.j.t.JMeterThread: Thread finished: Thread Group 1-1
2026-04-22 11:05:29,498 INFO o.a.j.t.JMeterThread: Thread finished: Thread Group 1-2
2026-04-22 11:05:29,498 INFO o.a.j.t.JMeterThread: Thread is done: Thread Group 1-3
2026-04-22 11:05:29,498 INFO o.a.j.t.JMeterThread: Thread finished: Thread Group 1-3
2026-04-22 11:05:29,696 INFO o.a.j.t.JMeterThread: Thread is done: Thread Group 1-4
2026-04-22 11:05:29,696 INFO o.a.j.t.JMeterThread: Thread finished: Thread Group 1-4
2026-04-22 11:05:29,892 INFO o.a.j.t.JMeterThread: Thread started: Thread Group 1-8
2026-04-22 11:05:29,969 INFO o.a.j.t.JMeterThread: Thread is done: Thread Group 1-5
2026-04-22 11:05:29,969 INFO o.a.j.t.JMeterThread: Thread finished: Thread Group 1-5
2026-04-22 11:05:30,391 INFO o.a.j.t.JMeterThread: Thread started: Thread Group 1-9
2026-04-22 11:05:30,666 INFO o.a.j.t.JMeterThread: Thread is done: Thread Group 1-6
2026-04-22 11:05:30,666 INFO o.a.j.t.JMeterThread: Thread finished: Thread Group 1-6
2026-04-22 11:05:30,891 INFO o.a.j.t.JMeterThread: Thread started: Thread Group 1-10
2026-04-22 11:05:30,937 INFO o.a.j.t.JMeterThread: Thread is done: Thread Group 1-7
2026-04-22 11:05:30,937 INFO o.a.j.t.JMeterThread: Thread finished: Thread Group 1-7
2026-04-22 11:05:31,391 INFO o.a.j.t.JMeterThread: Thread started: Thread Group 1-11
2026-04-22 11:05:31,473 INFO o.a.j.t.JMeterThread: Thread is done: Thread Group 1-8
2026-04-22 11:05:31,474 INFO o.a.j.t.JMeterThread: Thread finished: Thread Group 1-8
2026-04-22 11:05:31,892 INFO o.a.j.t.JMeterThread: Thread started: Thread Group 1-12
2026-04-22 11:05:32,392 INFO o.a.j.t.JMeterThread: Thread started: Thread Group 1-13
2026-04-22 11:05:32,398 INFO o.a.j.t.JMeterThread: Thread is done: Thread Group 1-9
2026-04-22 11:05:32,398 INFO o.a.j.t.JMeterThread: Thread finished: Thread Group 1-9
2026-04-22 11:05:32,461 INFO o.a.j.t.JMeterThread: Thread is done: Thread Group 1-10
2026-04-22 11:05:32,461 INFO o.a.j.t.JMeterThread: Thread finished: Thread Group 1-10
2026-04-22 11:05:32,891 INFO o.a.j.t.JMeterThread: Thread started: Thread Group 1-14
2026-04-22 11:05:32,918 INFO o.a.j.t.JMeterThread: Thread is done: Thread Group 1-11
2026-04-22 11:05:32,918 INFO o.a.j.t.JMeterThread: Thread finished: Thread Group 1-11
2026-04-22 11:05:33,392 INFO o.a.j.t.JMeterThread: Thread started: Thread Group 1-15
2026-04-22 11:05:33,436 INFO o.a.j.t.JMeterThread: Thread is done: Thread Group 1-12
2026-04-22 11:05:33,437 INFO o.a.j.t.JMeterThread: Thread finished: Thread Group 1-12
2026-04-22 11:05:33,891 INFO o.a.j.t.JMeterThread: Thread started: Thread Group 1-16
2026-04-22 11:05:33,912 INFO o.a.j.t.JMeterThread: Thread is done: Thread Group 1-13
2026-04-22 11:05:33,912 INFO o.a.j.t.JMeterThread: Thread finished: Thread Group 1-13
2026-04-22 11:05:34,391 INFO o.a.j.t.JMeterThread: Thread started: Thread Group 1-17
2026-04-22 11:05:34,624 INFO o.a.j.t.JMeterThread: Thread is done: Thread Group 1-14
2026-04-22 11:05:34,624 INFO o.a.j.t.JMeterThread: Thread finished: Thread Group 1-14
2026-04-22 11:05:34,891 INFO o.a.j.t.JMeterThread: Thread started: Thread Group 1-18
2026-04-22 11:05:34,928 INFO o.a.j.t.JMeterThread: Thread is done: Thread Group 1-15
2026-04-22 11:05:34,928 INFO o.a.j.t.JMeterThread: Thread finished: Thread Group 1-15
2026-04-22 11:05:35,391 INFO o.a.j.t.JMeterThread: Thread started: Thread Group 1-19
2026-04-22 11:05:35,456 INFO o.a.j.t.JMeterThread: Thread is done: Thread Group 1-16
2026-04-22 11:05:35,456 INFO o.a.j.t.JMeterThread: Thread finished: Thread Group 1-16
2026-04-22 11:05:35,892 INFO o.a.j.t.JMeterThread: Thread started: Thread Group 1-20
2026-04-22 11:05:35,932 INFO o.a.j.t.JMeterThread: Thread is done: Thread Group 1-17
2026-04-22 11:05:35,933 INFO o.a.j.t.JMeterThread: Thread finished: Thread Group 1-17
2026-04-22 11:05:36,411 INFO o.a.j.t.JMeterThread: Thread is done: Thread Group 1-18
2026-04-22 11:05:36,411 INFO o.a.j.t.JMeterThread: Thread finished: Thread Group 1-18
2026-04-22 11:05:36,920 INFO o.a.j.t.JMeterThread: Thread is done: Thread Group 1-19
2026-04-22 11:05:36,921 INFO o.a.j.t.JMeterThread: Thread finished: Thread Group 1-19
2026-04-22 11:05:37,412 INFO o.a.j.t.JMeterThread: Thread is done: Thread Group 1-20
2026-04-22 11:05:37,413 INFO o.a.j.t.JMeterThread: Thread finished: Thread Group 1-20
2026-04-22 11:05:37,413 INFO o.a.j.e.StandardJMeterEngine: Notifying test listeners of end of test
2026-04-22 11:05:37,414 INFO o.a.j.s.FileServer: Close: /home/bryancmy/Documentos/jmeter/credentials.csv
2026-04-22 11:05:37,414 INFO o.a.j.g.u.JMeterMenuBar: setRunning(false, *local*)
2026-04-22 11:07:40,700 INFO o.a.j.e.StandardJMeterEngine: Running the test!
2026-04-22 11:07:40,700 INFO o.a.j.s.SampleEvent: List of sample_variables: []
2026-04-22 11:07:40,702 INFO o.a.j.g.u.JMeterMenuBar: setRunning(true, *local*)
2026-04-22 11:07:40,757 INFO o.a.j.e.StandardJMeterEngine: Starting ThreadGroup: 1 : Thread Group
2026-04-22 11:07:40,757 INFO o.a.j.e.StandardJMeterEngine: Starting 20 threads for group Thread Group.
2026-04-22 11:07:40,758 INFO o.a.j.e.StandardJMeterEngine: Thread will continue on error
2026-04-22 11:07:40,758 INFO o.a.j.t.ThreadGroup: Starting thread group... number=1 threads=20 ramp-up=10 delayedStart=false
2026-04-22 11:07:40,760 INFO o.a.j.t.JMeterThread: Thread started: Thread Group 1-1
2026-04-22 11:07:40,762 INFO o.a.j.s.FileServer: Stored: /home/bryancmy/Documentos/jmeter/credentials.csv
2026-04-22 11:07:40,770 INFO o.a.j.t.ThreadGroup: Started thread group number 1
2026-04-22 11:07:40,771 INFO o.a.j.e.StandardJMeterEngine: All thread groups have been started
2026-04-22 11:07:41,259 INFO o.a.j.t.JMeterThread: Thread started: Thread Group 1-2
2026-04-22 11:07:41,761 INFO o.a.j.t.JMeterThread: Thread started: Thread Group 1-3
2026-04-22 11:07:41,966 INFO o.a.j.t.JMeterThread: Thread is done: Thread Group 1-1
2026-04-22 11:07:41,966 INFO o.a.j.t.JMeterThread: Thread finished: Thread Group 1-1
2026-04-22 11:07:42,259 INFO o.a.j.t.JMeterThread: Thread started: Thread Group 1-4
2026-04-22 11:07:42,349 INFO o.a.j.t.JMeterThread: Thread is done: Thread Group 1-2
2026-04-22 11:07:42,350 INFO o.a.j.t.JMeterThread: Thread finished: Thread Group 1-2
2026-04-22 11:07:42,759 INFO o.a.j.t.JMeterThread: Thread started: Thread Group 1-5
2026-04-22 11:07:43,259 INFO o.a.j.t.JMeterThread: Thread started: Thread Group 1-6
2026-04-22 11:07:43,319 INFO o.a.j.t.JMeterThread: Thread is done: Thread Group 1-4
2026-04-22 11:07:43,319 INFO o.a.j.t.JMeterThread: Thread finished: Thread Group 1-4
2026-04-22 11:07:43,761 INFO o.a.j.t.JMeterThread: Thread is done: Thread Group 1-3
2026-04-22 11:07:43,761 INFO o.a.j.t.JMeterThread: Thread finished: Thread Group 1-3
2026-04-22 11:07:43,761 INFO o.a.j.t.JMeterThread: Thread started: Thread Group 1-7
2026-04-22 11:07:43,772 INFO o.a.j.t.JMeterThread: Thread is done: Thread Group 1-5
2026-04-22 11:07:43,773 INFO o.a.j.t.JMeterThread: Thread finished: Thread Group 1-5
2026-04-22 11:07:44,259 INFO o.a.j.t.JMeterThread: Thread started: Thread Group 1-8
2026-04-22 11:07:44,292 INFO o.a.j.t.JMeterThread: Thread is done: Thread Group 1-6
2026-04-22 11:07:44,292 INFO o.a.j.t.JMeterThread: Thread finished: Thread Group 1-6
2026-04-22 11:07:44,759 INFO o.a.j.t.JMeterThread: Thread started: Thread Group 1-9
2026-04-22 11:07:44,792 INFO o.a.j.t.JMeterThread: Thread is done: Thread Group 1-7
2026-04-22 11:07:44,792 INFO o.a.j.t.JMeterThread: Thread finished: Thread Group 1-7
2026-04-22 11:07:45,259 INFO o.a.j.t.JMeterThread: Thread started: Thread Group 1-10
2026-04-22 11:07:45,306 INFO o.a.j.t.JMeterThread: Thread is done: Thread Group 1-8
2026-04-22 11:07:45,306 INFO o.a.j.t.JMeterThread: Thread finished: Thread Group 1-8
2026-04-22 11:07:45,759 INFO o.a.j.t.JMeterThread: Thread started: Thread Group 1-11
2026-04-22 11:07:45,790 INFO o.a.j.t.JMeterThread: Thread is done: Thread Group 1-9
2026-04-22 11:07:45,791 INFO o.a.j.t.JMeterThread: Thread finished: Thread Group 1-9
2026-04-22 11:07:46,259 INFO o.a.j.t.JMeterThread: Thread started: Thread Group 1-12
2026-04-22 11:07:46,272 INFO o.a.j.t.JMeterThread: Thread is done: Thread Group 1-10
2026-04-22 11:07:46,272 INFO o.a.j.t.JMeterThread: Thread finished: Thread Group 1-10
2026-04-22 11:07:46,759 INFO o.a.j.t.JMeterThread: Thread started: Thread Group 1-13
2026-04-22 11:07:46,759 INFO o.a.j.t.JMeterThread: Thread is done: Thread Group 1-11
2026-04-22 11:07:46,760 INFO o.a.j.t.JMeterThread: Thread finished: Thread Group 1-11
2026-04-22 11:07:47,258 INFO o.a.j.t.JMeterThread: Thread started: Thread Group 1-14
2026-04-22 11:07:47,286 INFO o.a.j.t.JMeterThread: Thread is done: Thread Group 1-12
2026-04-22 11:07:47,286 INFO o.a.j.t.JMeterThread: Thread finished: Thread Group 1-12
2026-04-22 11:07:47,759 INFO o.a.j.t.JMeterThread: Thread started: Thread Group 1-15
2026-04-22 11:07:47,767 INFO o.a.j.t.JMeterThread: Thread is done: Thread Group 1-13
2026-04-22 11:07:47,767 INFO o.a.j.t.JMeterThread: Thread finished: Thread Group 1-13
2026-04-22 11:07:48,258 INFO o.a.j.t.JMeterThread: Thread started: Thread Group 1-16
2026-04-22 11:07:48,285 INFO o.a.j.t.JMeterThread: Thread is done: Thread Group 1-14
2026-04-22 11:07:48,285 INFO o.a.j.t.JMeterThread: Thread finished: Thread Group 1-14
2026-04-22 11:07:48,759 INFO o.a.j.t.JMeterThread: Thread started: Thread Group 1-17
2026-04-22 11:07:48,835 INFO o.a.j.t.JMeterThread: Thread is done: Thread Group 1-15
2026-04-22 11:07:48,835 INFO o.a.j.t.JMeterThread: Thread finished: Thread Group 1-15
2026-04-22 11:07:49,260 INFO o.a.j.t.JMeterThread: Thread started: Thread Group 1-18
2026-04-22 11:07:49,282 INFO o.a.j.t.JMeterThread: Thread is done: Thread Group 1-16
2026-04-22 11:07:49,282 INFO o.a.j.t.JMeterThread: Thread finished: Thread Group 1-16
2026-04-22 11:07:49,758 INFO o.a.j.t.JMeterThread: Thread started: Thread Group 1-19
2026-04-22 11:07:49,826 INFO o.a.j.t.JMeterThread: Thread is done: Thread Group 1-17
2026-04-22 11:07:49,826 INFO o.a.j.t.JMeterThread: Thread finished: Thread Group 1-17
2026-04-22 11:07:50,260 INFO o.a.j.t.JMeterThread: Thread started: Thread Group 1-20
2026-04-22 11:07:50,299 INFO o.a.j.t.JMeterThread: Thread is done: Thread Group 1-18
2026-04-22 11:07:50,299 INFO o.a.j.t.JMeterThread: Thread finished: Thread Group 1-18
2026-04-22 11:07:50,789 INFO o.a.j.t.JMeterThread: Thread is done: Thread Group 1-19
2026-04-22 11:07:50,789 INFO o.a.j.t.JMeterThread: Thread finished: Thread Group 1-19
2026-04-22 11:07:51,263 INFO o.a.j.t.JMeterThread: Thread is done: Thread Group 1-20
2026-04-22 11:07:51,263 INFO o.a.j.t.JMeterThread: Thread finished: Thread Group 1-20
2026-04-22 11:07:51,264 INFO o.a.j.e.StandardJMeterEngine: Notifying test listeners of end of test
2026-04-22 11:07:51,264 INFO o.a.j.s.FileServer: Close: /home/bryancmy/Documentos/jmeter/credentials.csv
2026-04-22 11:07:51,264 INFO o.a.j.g.u.JMeterMenuBar: setRunning(false, *local*)
2026-04-22 11:09:26,357 INFO o.a.j.e.StandardJMeterEngine: Running the test!
2026-04-22 11:09:26,358 INFO o.a.j.s.SampleEvent: List of sample_variables: []
2026-04-22 11:09:26,359 INFO o.a.j.g.u.JMeterMenuBar: setRunning(true, *local*)
2026-04-22 11:09:26,406 INFO o.a.j.e.StandardJMeterEngine: Starting ThreadGroup: 1 : Thread Group
2026-04-22 11:09:26,407 INFO o.a.j.e.StandardJMeterEngine: Starting 20 threads for group Thread Group.
2026-04-22 11:09:26,407 INFO o.a.j.e.StandardJMeterEngine: Thread will continue on error
2026-04-22 11:09:26,407 INFO o.a.j.t.ThreadGroup: Starting thread group... number=1 threads=20 ramp-up=10 delayedStart=false
2026-04-22 11:09:26,409 INFO o.a.j.t.JMeterThread: Thread started: Thread Group 1-1
2026-04-22 11:09:26,409 INFO o.a.j.s.FileServer: Stored: /home/bryancmy/Documentos/jmeter/credentials.csv
2026-04-22 11:09:26,418 INFO o.a.j.t.ThreadGroup: Started thread group number 1
2026-04-22 11:09:26,419 INFO o.a.j.e.StandardJMeterEngine: All thread groups have been started
2026-04-22 11:09:26,908 INFO o.a.j.t.JMeterThread: Thread started: Thread Group 1-2
2026-04-22 11:09:27,408 INFO o.a.j.t.JMeterThread: Thread started: Thread Group 1-3
2026-04-22 11:09:27,908 INFO o.a.j.t.JMeterThread: Thread started: Thread Group 1-4
2026-04-22 11:09:28,170 INFO o.a.j.t.JMeterThread: Thread is done: Thread Group 1-1
2026-04-22 11:09:28,170 INFO o.a.j.t.JMeterThread: Thread finished: Thread Group 1-1
2026-04-22 11:09:28,405 INFO o.a.j.t.JMeterThread: Thread is done: Thread Group 1-2
2026-04-22 11:09:28,405 INFO o.a.j.t.JMeterThread: Thread finished: Thread Group 1-2
2026-04-22 11:09:28,408 INFO o.a.j.t.JMeterThread: Thread started: Thread Group 1-5
2026-04-22 11:09:28,908 INFO o.a.j.t.JMeterThread: Thread started: Thread Group 1-6
2026-04-22 11:09:28,931 INFO o.a.j.t.JMeterThread: Thread is done: Thread Group 1-3
2026-04-22 11:09:28,931 INFO o.a.j.t.JMeterThread: Thread finished: Thread Group 1-3
2026-04-22 11:09:29,408 INFO o.a.j.t.JMeterThread: Thread started: Thread Group 1-7
2026-04-22 11:09:29,650 INFO o.a.j.t.JMeterThread: Thread is done: Thread Group 1-4
2026-04-22 11:09:29,650 INFO o.a.j.t.JMeterThread: Thread finished: Thread Group 1-4
2026-04-22 11:09:29,908 INFO o.a.j.t.JMeterThread: Thread started: Thread Group 1-8
2026-04-22 11:09:29,927 INFO o.a.j.t.JMeterThread: Thread is done: Thread Group 1-5
2026-04-22 11:09:29,927 INFO o.a.j.t.JMeterThread: Thread finished: Thread Group 1-5
2026-04-22 11:09:30,407 INFO o.a.j.t.JMeterThread: Thread started: Thread Group 1-9
2026-04-22 11:09:30,433 INFO o.a.j.t.JMeterThread: Thread is done: Thread Group 1-6
2026-04-22 11:09:30,433 INFO o.a.j.t.JMeterThread: Thread finished: Thread Group 1-6
2026-04-22 11:09:30,909 INFO o.a.j.t.JMeterThread: Thread started: Thread Group 1-10
2026-04-22 11:09:30,932 INFO o.a.j.t.JMeterThread: Thread is done: Thread Group 1-7
2026-04-22 11:09:30,932 INFO o.a.j.t.JMeterThread: Thread finished: Thread Group 1-7
2026-04-22 11:09:31,408 INFO o.a.j.t.JMeterThread: Thread started: Thread Group 1-11
2026-04-22 11:09:31,639 INFO o.a.j.t.JMeterThread: Thread is done: Thread Group 1-8
2026-04-22 11:09:31,640 INFO o.a.j.t.JMeterThread: Thread finished: Thread Group 1-8
2026-04-22 11:09:31,909 INFO o.a.j.t.JMeterThread: Thread started: Thread Group 1-12
2026-04-22 11:09:32,135 INFO o.a.j.t.JMeterThread: Thread is done: Thread Group 1-9
2026-04-22 11:09:32,136 INFO o.a.j.t.JMeterThread: Thread finished: Thread Group 1-9
2026-04-22 11:09:32,409 INFO o.a.j.t.JMeterThread: Thread started: Thread Group 1-13
2026-04-22 11:09:32,631 INFO o.a.j.t.JMeterThread: Thread is done: Thread Group 1-10
2026-04-22 11:09:32,632 INFO o.a.j.t.JMeterThread: Thread finished: Thread Group 1-10
2026-04-22 11:09:32,908 INFO o.a.j.t.JMeterThread: Thread started: Thread Group 1-14
2026-04-22 11:09:32,972 INFO o.a.j.t.JMeterThread: Thread is done: Thread Group 1-11
2026-04-22 11:09:32,972 INFO o.a.j.t.JMeterThread: Thread finished: Thread Group 1-11
2026-04-22 11:09:33,409 INFO o.a.j.t.JMeterThread: Thread started: Thread Group 1-15
2026-04-22 11:09:33,483 INFO o.a.j.t.JMeterThread: Thread is done: Thread Group 1-12
2026-04-22 11:09:33,483 INFO o.a.j.t.JMeterThread: Thread finished: Thread Group 1-12
2026-04-22 11:09:33,908 INFO o.a.j.t.JMeterThread: Thread started: Thread Group 1-16
2026-04-22 11:09:33,984 INFO o.a.j.t.JMeterThread: Thread is done: Thread Group 1-13
2026-04-22 11:09:33,984 INFO o.a.j.t.JMeterThread: Thread finished: Thread Group 1-13
2026-04-22 11:09:34,408 INFO o.a.j.t.JMeterThread: Thread started: Thread Group 1-17
2026-04-22 11:09:34,469 INFO o.a.j.t.JMeterThread: Thread is done: Thread Group 1-14
2026-04-22 11:09:34,469 INFO o.a.j.t.JMeterThread: Thread finished: Thread Group 1-14
2026-04-22 11:09:34,909 INFO o.a.j.t.JMeterThread: Thread started: Thread Group 1-18
2026-04-22 11:09:35,178 INFO o.a.j.t.JMeterThread: Thread is done: Thread Group 1-15
2026-04-22 11:09:35,178 INFO o.a.j.t.JMeterThread: Thread finished: Thread Group 1-15
2026-04-22 11:09:35,407 INFO o.a.j.t.JMeterThread: Thread started: Thread Group 1-19
2026-04-22 11:09:35,500 INFO o.a.j.t.JMeterThread: Thread is done: Thread Group 1-16
2026-04-22 11:09:35,500 INFO o.a.j.t.JMeterThread: Thread finished: Thread Group 1-16
2026-04-22 11:09:35,909 INFO o.a.j.t.JMeterThread: Thread started: Thread Group 1-20
2026-04-22 11:09:36,003 INFO o.a.j.t.JMeterThread: Thread is done: Thread Group 1-17
2026-04-22 11:09:36,003 INFO o.a.j.t.JMeterThread: Thread finished: Thread Group 1-17
2026-04-22 11:09:36,467 INFO o.a.j.t.JMeterThread: Thread is done: Thread Group 1-18
2026-04-22 11:09:36,467 INFO o.a.j.t.JMeterThread: Thread finished: Thread Group 1-18
2026-04-22 11:09:36,969 INFO o.a.j.t.JMeterThread: Thread is done: Thread Group 1-19
2026-04-22 11:09:36,970 INFO o.a.j.t.JMeterThread: Thread finished: Thread Group 1-19
2026-04-22 11:09:37,480 INFO o.a.j.t.JMeterThread: Thread is done: Thread Group 1-20
2026-04-22 11:09:37,480 INFO o.a.j.t.JMeterThread: Thread finished: Thread Group 1-20
2026-04-22 11:09:37,480 INFO o.a.j.e.StandardJMeterEngine: Notifying test listeners of end of test
2026-04-22 11:09:37,481 INFO o.a.j.s.FileServer: Close: /home/bryancmy/Documentos/jmeter/credentials.csv
2026-04-22 11:09:37,481 INFO o.a.j.g.u.JMeterMenuBar: setRunning(false, *local*)
2026-04-22 11:16:58,918 INFO o.a.j.e.StandardJMeterEngine: Running the test!
2026-04-22 11:16:58,925 INFO o.a.j.s.SampleEvent: List of sample_variables: []
2026-04-22 11:16:58,935 INFO o.a.j.g.u.JMeterMenuBar: setRunning(true, *local*)
2026-04-22 11:16:59,229 INFO o.a.j.e.StandardJMeterEngine: Starting ThreadGroup: 1 : Thread Group
2026-04-22 11:16:59,230 INFO o.a.j.e.StandardJMeterEngine: Starting 20 threads for group Thread Group.
2026-04-22 11:16:59,232 INFO o.a.j.e.StandardJMeterEngine: Thread will continue on error
2026-04-22 11:16:59,232 INFO o.a.j.t.ThreadGroup: Starting thread group... number=1 threads=20 ramp-up=10 delayedStart=false
2026-04-22 11:16:59,235 INFO o.a.j.t.JMeterThread: Thread started: Thread Group 1-1
2026-04-22 11:16:59,237 INFO o.a.j.s.FileServer: Stored: /home/bryancmy/Documentos/jmeter/credentials.csv
2026-04-22 11:16:59,267 INFO o.a.j.t.ThreadGroup: Started thread group number 1
2026-04-22 11:16:59,267 INFO o.a.j.e.StandardJMeterEngine: All thread groups have been started
2026-04-22 11:16:59,735 INFO o.a.j.t.JMeterThread: Thread started: Thread Group 1-2
2026-04-22 11:17:00,236 INFO o.a.j.t.JMeterThread: Thread started: Thread Group 1-3
2026-04-22 11:17:00,735 INFO o.a.j.t.JMeterThread: Thread started: Thread Group 1-4
2026-04-22 11:17:00,978 INFO o.a.j.t.JMeterThread: Thread is done: Thread Group 1-1
2026-04-22 11:17:00,978 INFO o.a.j.t.JMeterThread: Thread finished: Thread Group 1-1
2026-04-22 11:17:01,235 INFO o.a.j.t.JMeterThread: Thread started: Thread Group 1-5
2026-04-22 11:17:01,254 INFO o.a.j.t.JMeterThread: Thread is done: Thread Group 1-2
2026-04-22 11:17:01,255 INFO o.a.j.t.JMeterThread: Thread finished: Thread Group 1-2
2026-04-22 11:17:01,602 INFO o.a.j.t.JMeterThread: Thread is done: Thread Group 1-3
2026-04-22 11:17:01,602 INFO o.a.j.t.JMeterThread: Thread finished: Thread Group 1-3
2026-04-22 11:17:01,736 INFO o.a.j.t.JMeterThread: Thread started: Thread Group 1-6
2026-04-22 11:17:02,157 INFO o.a.j.t.JMeterThread: Thread is done: Thread Group 1-4
2026-04-22 11:17:02,157 INFO o.a.j.t.JMeterThread: Thread finished: Thread Group 1-4
2026-04-22 11:17:02,236 INFO o.a.j.t.JMeterThread: Thread started: Thread Group 1-7
2026-04-22 11:17:02,737 INFO o.a.j.t.JMeterThread: Thread started: Thread Group 1-8
2026-04-22 11:17:03,236 INFO o.a.j.t.JMeterThread: Thread started: Thread Group 1-9
2026-04-22 11:17:03,287 INFO o.a.j.t.JMeterThread: Thread is done: Thread Group 1-6
2026-04-22 11:17:03,287 INFO o.a.j.t.JMeterThread: Thread finished: Thread Group 1-6
2026-04-22 11:17:03,737 INFO o.a.j.t.JMeterThread: Thread started: Thread Group 1-10
2026-04-22 11:17:03,785 INFO o.a.j.t.JMeterThread: Thread is done: Thread Group 1-7
2026-04-22 11:17:03,785 INFO o.a.j.t.JMeterThread: Thread finished: Thread Group 1-7
2026-04-22 11:17:03,799 INFO o.a.j.t.JMeterThread: Thread is done: Thread Group 1-5
2026-04-22 11:17:03,799 INFO o.a.j.t.JMeterThread: Thread finished: Thread Group 1-5
2026-04-22 11:17:04,236 INFO o.a.j.t.JMeterThread: Thread started: Thread Group 1-11
2026-04-22 11:17:04,283 INFO o.a.j.t.JMeterThread: Thread is done: Thread Group 1-8
2026-04-22 11:17:04,284 INFO o.a.j.t.JMeterThread: Thread finished: Thread Group 1-8
2026-04-22 11:17:04,616 INFO o.a.j.t.JMeterThread: Thread is done: Thread Group 1-9
2026-04-22 11:17:04,617 INFO o.a.j.t.JMeterThread: Thread finished: Thread Group 1-9
2026-04-22 11:17:04,734 INFO o.a.j.t.JMeterThread: Thread started: Thread Group 1-12
2026-04-22 11:17:05,235 INFO o.a.j.t.JMeterThread: Thread started: Thread Group 1-13
2026-04-22 11:17:05,583 INFO o.a.j.t.JMeterThread: Thread is done: Thread Group 1-11
2026-04-22 11:17:05,583 INFO o.a.j.t.JMeterThread: Thread finished: Thread Group 1-11
2026-04-22 11:17:05,733 INFO o.a.j.t.JMeterThread: Thread started: Thread Group 1-14
2026-04-22 11:17:06,136 INFO o.a.j.t.JMeterThread: Thread is done: Thread Group 1-10
2026-04-22 11:17:06,136 INFO o.a.j.t.JMeterThread: Thread finished: Thread Group 1-10
2026-04-22 11:17:06,233 INFO o.a.j.t.JMeterThread: Thread started: Thread Group 1-15
2026-04-22 11:17:06,733 INFO o.a.j.t.JMeterThread: Thread started: Thread Group 1-16
2026-04-22 11:17:06,749 INFO o.a.j.t.JMeterThread: Thread is done: Thread Group 1-13
2026-04-22 11:17:06,749 INFO o.a.j.t.JMeterThread: Thread finished: Thread Group 1-13
2026-04-22 11:17:07,149 INFO o.a.j.t.JMeterThread: Thread is done: Thread Group 1-12
2026-04-22 11:17:07,149 INFO o.a.j.t.JMeterThread: Thread finished: Thread Group 1-12
2026-04-22 11:17:07,233 INFO o.a.j.t.JMeterThread: Thread started: Thread Group 1-17
2026-04-22 11:17:07,249 INFO o.a.j.t.JMeterThread: Thread is done: Thread Group 1-14
2026-04-22 11:17:07,250 INFO o.a.j.t.JMeterThread: Thread finished: Thread Group 1-14
2026-04-22 11:17:07,606 INFO o.a.j.t.JMeterThread: Thread is done: Thread Group 1-15
2026-04-22 11:17:07,606 INFO o.a.j.t.JMeterThread: Thread finished: Thread Group 1-15
2026-04-22 11:17:07,733 INFO o.a.j.t.JMeterThread: Thread started: Thread Group 1-18
2026-04-22 11:17:08,091 INFO o.a.j.t.JMeterThread: Thread is done: Thread Group 1-16
2026-04-22 11:17:08,091 INFO o.a.j.t.JMeterThread: Thread finished: Thread Group 1-16
2026-04-22 11:17:08,234 INFO o.a.j.t.JMeterThread: Thread started: Thread Group 1-19
2026-04-22 11:17:08,595 INFO o.a.j.t.JMeterThread: Thread is done: Thread Group 1-17
2026-04-22 11:17:08,596 INFO o.a.j.t.JMeterThread: Thread finished: Thread Group 1-17
2026-04-22 11:17:08,733 INFO o.a.j.t.JMeterThread: Thread started: Thread Group 1-20
2026-04-22 11:17:09,103 INFO o.a.j.t.JMeterThread: Thread is done: Thread Group 1-18
2026-04-22 11:17:09,104 INFO o.a.j.t.JMeterThread: Thread finished: Thread Group 1-18
2026-04-22 11:17:09,602 INFO o.a.j.t.JMeterThread: Thread is done: Thread Group 1-19
2026-04-22 11:17:09,602 INFO o.a.j.t.JMeterThread: Thread finished: Thread Group 1-19
2026-04-22 11:17:10,074 INFO o.a.j.t.JMeterThread: Thread is done: Thread Group 1-20
2026-04-22 11:17:10,074 INFO o.a.j.t.JMeterThread: Thread finished: Thread Group 1-20
2026-04-22 11:17:10,075 INFO o.a.j.e.StandardJMeterEngine: Notifying test listeners of end of test
2026-04-22 11:17:10,075 INFO o.a.j.s.FileServer: Close: /home/bryancmy/Documentos/jmeter/credentials.csv
2026-04-22 11:17:10,076 INFO o.a.j.g.u.JMeterMenuBar: setRunning(false, *local*)
2026-04-22 11:18:46,985 INFO o.a.j.e.StandardJMeterEngine: Running the test!
2026-04-22 11:18:46,986 INFO o.a.j.s.SampleEvent: List of sample_variables: []
2026-04-22 11:18:46,988 INFO o.a.j.g.u.JMeterMenuBar: setRunning(true, *local*)
2026-04-22 11:18:47,110 INFO o.a.j.e.StandardJMeterEngine: Starting ThreadGroup: 1 : Thread Group
2026-04-22 11:18:47,111 INFO o.a.j.e.StandardJMeterEngine: Starting 20 threads for group Thread Group.
2026-04-22 11:18:47,112 INFO o.a.j.e.StandardJMeterEngine: Thread will continue on error
2026-04-22 11:18:47,112 INFO o.a.j.t.ThreadGroup: Starting thread group... number=1 threads=20 ramp-up=10 delayedStart=false
2026-04-22 11:18:47,114 INFO o.a.j.t.JMeterThread: Thread started: Thread Group 1-1
2026-04-22 11:18:47,118 INFO o.a.j.s.FileServer: Stored: /home/bryancmy/Documentos/jmeter/credentials.csv
2026-04-22 11:18:47,136 INFO o.a.j.t.ThreadGroup: Started thread group number 1
2026-04-22 11:18:47,136 INFO o.a.j.e.StandardJMeterEngine: All thread groups have been started
2026-04-22 11:18:47,615 INFO o.a.j.t.JMeterThread: Thread started: Thread Group 1-2
2026-04-22 11:18:48,115 INFO o.a.j.t.JMeterThread: Thread started: Thread Group 1-3
2026-04-22 11:18:48,393 INFO o.a.j.t.JMeterThread: Thread is done: Thread Group 1-1
2026-04-22 11:18:48,394 INFO o.a.j.t.JMeterThread: Thread finished: Thread Group 1-1
2026-04-22 11:18:48,615 INFO o.a.j.t.JMeterThread: Thread started: Thread Group 1-4
2026-04-22 11:18:48,677 INFO o.a.j.t.JMeterThread: Thread is done: Thread Group 1-2
2026-04-22 11:18:48,677 INFO o.a.j.t.JMeterThread: Thread finished: Thread Group 1-2
2026-04-22 11:18:49,115 INFO o.a.j.t.JMeterThread: Thread started: Thread Group 1-5
2026-04-22 11:18:49,444 INFO o.a.j.t.JMeterThread: Thread is done: Thread Group 1-3
2026-04-22 11:18:49,444 INFO o.a.j.t.JMeterThread: Thread finished: Thread Group 1-3
2026-04-22 11:18:49,615 INFO o.a.j.t.JMeterThread: Thread started: Thread Group 1-6
2026-04-22 11:18:49,705 INFO o.a.j.t.JMeterThread: Thread is done: Thread Group 1-4
2026-04-22 11:18:49,705 INFO o.a.j.t.JMeterThread: Thread finished: Thread Group 1-4
2026-04-22 11:18:50,114 INFO o.a.j.t.JMeterThread: Thread started: Thread Group 1-7
2026-04-22 11:18:50,218 INFO o.a.j.t.JMeterThread: Thread is done: Thread Group 1-5
2026-04-22 11:18:50,219 INFO o.a.j.t.JMeterThread: Thread finished: Thread Group 1-5
2026-04-22 11:18:50,615 INFO o.a.j.t.JMeterThread: Thread started: Thread Group 1-8
2026-04-22 11:18:50,730 INFO o.a.j.t.JMeterThread: Thread is done: Thread Group 1-6
2026-04-22 11:18:50,731 INFO o.a.j.t.JMeterThread: Thread finished: Thread Group 1-6
2026-04-22 11:18:51,114 INFO o.a.j.t.JMeterThread: Thread started: Thread Group 1-9
2026-04-22 11:18:51,193 INFO o.a.j.t.JMeterThread: Thread is done: Thread Group 1-7
2026-04-22 11:18:51,193 INFO o.a.j.t.JMeterThread: Thread finished: Thread Group 1-7
2026-04-22 11:18:51,617 INFO o.a.j.t.JMeterThread: Thread started: Thread Group 1-10
2026-04-22 11:18:51,717 INFO o.a.j.t.JMeterThread: Thread is done: Thread Group 1-8
2026-04-22 11:18:51,718 INFO o.a.j.t.JMeterThread: Thread finished: Thread Group 1-8
2026-04-22 11:18:52,115 INFO o.a.j.t.JMeterThread: Thread started: Thread Group 1-11
2026-04-22 11:18:52,134 INFO o.a.j.t.JMeterThread: Thread is done: Thread Group 1-9
2026-04-22 11:18:52,134 INFO o.a.j.t.JMeterThread: Thread finished: Thread Group 1-9
2026-04-22 11:18:52,615 INFO o.a.j.t.JMeterThread: Thread started: Thread Group 1-12
2026-04-22 11:18:52,639 INFO o.a.j.t.JMeterThread: Thread is done: Thread Group 1-10
2026-04-22 11:18:52,639 INFO o.a.j.t.JMeterThread: Thread finished: Thread Group 1-10
2026-04-22 11:18:53,115 INFO o.a.j.t.JMeterThread: Thread is done: Thread Group 1-11
2026-04-22 11:18:53,115 INFO o.a.j.t.JMeterThread: Thread started: Thread Group 1-13
2026-04-22 11:18:53,115 INFO o.a.j.t.JMeterThread: Thread finished: Thread Group 1-11
2026-04-22 11:18:53,612 INFO o.a.j.t.JMeterThread: Thread started: Thread Group 1-14
2026-04-22 11:18:53,703 INFO o.a.j.t.JMeterThread: Thread is done: Thread Group 1-12
2026-04-22 11:18:53,703 INFO o.a.j.t.JMeterThread: Thread finished: Thread Group 1-12
2026-04-22 11:18:54,119 INFO o.a.j.t.JMeterThread: Thread started: Thread Group 1-15
2026-04-22 11:18:54,193 INFO o.a.j.t.JMeterThread: Thread is done: Thread Group 1-13
2026-04-22 11:18:54,193 INFO o.a.j.t.JMeterThread: Thread finished: Thread Group 1-13
2026-04-22 11:18:54,612 INFO o.a.j.t.JMeterThread: Thread started: Thread Group 1-16
2026-04-22 11:18:54,694 INFO o.a.j.t.JMeterThread: Thread is done: Thread Group 1-14
2026-04-22 11:18:54,694 INFO o.a.j.t.JMeterThread: Thread finished: Thread Group 1-14
2026-04-22 11:18:55,115 INFO o.a.j.t.JMeterThread: Thread started: Thread Group 1-17
2026-04-22 11:18:55,171 INFO o.a.j.t.JMeterThread: Thread is done: Thread Group 1-15
2026-04-22 11:18:55,171 INFO o.a.j.t.JMeterThread: Thread finished: Thread Group 1-15
2026-04-22 11:18:55,614 INFO o.a.j.t.JMeterThread: Thread started: Thread Group 1-18
2026-04-22 11:18:55,667 INFO o.a.j.t.JMeterThread: Thread is done: Thread Group 1-16
2026-04-22 11:18:55,667 INFO o.a.j.t.JMeterThread: Thread finished: Thread Group 1-16
2026-04-22 11:18:56,114 INFO o.a.j.t.JMeterThread: Thread started: Thread Group 1-19
2026-04-22 11:18:56,207 INFO o.a.j.t.JMeterThread: Thread is done: Thread Group 1-17
2026-04-22 11:18:56,208 INFO o.a.j.t.JMeterThread: Thread finished: Thread Group 1-17
2026-04-22 11:18:56,613 INFO o.a.j.t.JMeterThread: Thread started: Thread Group 1-20
2026-04-22 11:18:56,654 INFO o.a.j.t.JMeterThread: Thread is done: Thread Group 1-18
2026-04-22 11:18:56,654 INFO o.a.j.t.JMeterThread: Thread finished: Thread Group 1-18
2026-04-22 11:18:57,170 INFO o.a.j.t.JMeterThread: Thread is done: Thread Group 1-19
2026-04-22 11:18:57,170 INFO o.a.j.t.JMeterThread: Thread finished: Thread Group 1-19
2026-04-22 11:18:57,647 INFO o.a.j.t.JMeterThread: Thread is done: Thread Group 1-20
2026-04-22 11:18:57,647 INFO o.a.j.t.JMeterThread: Thread finished: Thread Group 1-20
2026-04-22 11:18:57,648 INFO o.a.j.e.StandardJMeterEngine: Notifying test listeners of end of test
2026-04-22 11:18:57,648 INFO o.a.j.s.FileServer: Close: /home/bryancmy/Documentos/jmeter/credentials.csv
2026-04-22 11:18:57,648 INFO o.a.j.g.u.JMeterMenuBar: setRunning(false, *local*)
